   1               		.file	"main.c"
   2               	__SREG__ = 0x3f
   3               	__SP_H__ = 0x3e
   4               	__SP_L__ = 0x3d
   5               	__CCP__  = 0x34
   6               	__tmp_reg__ = 0
   7               	__zero_reg__ = 1
  15               	.Ltext0:
  16               	.global	setup
  18               	setup:
  19               	.LFB7:
  20               	.LM1:
  21               	/* prologue: function */
  22               	/* frame size = 0 */
  23               	.LM2:
  24 0000 80E1      		ldi r24,lo8(16)
  25 0002 8AB9      		out 42-32,r24
  26               	.LM3:
  27 0004 1BB8      		out 43-32,__zero_reg__
  28               	/* epilogue start */
  29               	.LM4:
  30 0006 0895      		ret
  31               	.LFE7:
  33               	.global	init_USART
  35               	init_USART:
  36               	.LFB8:
  37               	.LM5:
  38               	.LVL0:
  39               	/* prologue: function */
  40               	/* frame size = 0 */
  41               	.LM6:
  42 0008 9C01      		movw r18,r24
  43 000a 40E0      		ldi r20,lo8(0)
  44 000c 50E0      		ldi r21,hi8(0)
  45               	.LVL1:
  46 000e 60E4      		ldi r22,lo8(1000000)
  47 0010 72E4      		ldi r23,hi8(1000000)
  48 0012 8FE0      		ldi r24,hlo8(1000000)
  49 0014 90E0      		ldi r25,hhi8(1000000)
  50 0016 0E94 0000 		call __divmodsi4
  51 001a 2150      		subi r18,lo8(-(-1))
  52 001c 3040      		sbci r19,hi8(-(-1))
  53               	.LVL2:
  54               	.LM7:
  55 001e 2093 C400 		sts 196,r18
  56               	.LM8:
  57 0022 232F      		mov r18,r19
  58 0024 330F      		lsl r19
  59 0026 330B      		sbc r19,r19
  60               	.LVL3:
  61 0028 2093 C500 		sts 197,r18
  62               	.LM9:
  63 002c E1EC      		ldi r30,lo8(193)
  64 002e F0E0      		ldi r31,hi8(193)
  65 0030 8081      		ld r24,Z
  66 0032 8861      		ori r24,lo8(24)
  67 0034 8083      		st Z,r24
  68               	.LM10:
  69 0036 E2EC      		ldi r30,lo8(194)
  70 0038 F0E0      		ldi r31,hi8(194)
  71 003a 8081      		ld r24,Z
  72 003c 8660      		ori r24,lo8(6)
  73 003e 8083      		st Z,r24
  74               	.LM11:
  75 0040 80E0      		ldi r24,lo8(mystdout.1415)
  76 0042 90E0      		ldi r25,hi8(mystdout.1415)
  77 0044 9093 0000 		sts (__iob+2)+1,r25
  78 0048 8093 0000 		sts __iob+2,r24
  79               	/* epilogue start */
  80               	.LM12:
  81 004c 0895      		ret
  82               	.LFE8:
  85               	uart_putchar:
  86               	.LFB9:
  87               	.LM13:
  88               	.LVL4:
  89 004e 1F93      		push r17
  90               	/* prologue: function */
  91               	/* frame size = 0 */
  92 0050 182F      		mov r17,r24
  93               	.LM14:
  94 0052 8A30      		cpi r24,lo8(10)
  95 0054 01F4      		brne .L8
  96               	.LM15:
  97 0056 8DE0      		ldi r24,lo8(13)
  98               	.LVL5:
  99 0058 0E94 0000 		call uart_putchar
 100               	.LVL6:
 101               	.L8:
 102               	.LM16:
 103 005c 8091 C000 		lds r24,192
 104 0060 85FF      		sbrs r24,5
 105 0062 00C0      		rjmp .L8
 106               	.LM17:
 107 0064 1093 C600 		sts 198,r17
 108               	.LM18:
 109 0068 80E0      		ldi r24,lo8(0)
 110 006a 90E0      		ldi r25,hi8(0)
 111               	/* epilogue start */
 112 006c 1F91      		pop r17
 113               	.LVL7:
 114 006e 0895      		ret
 115               	.LFE9:
 117               		.data
 118               	.LC0:
 119 0000 2041 4C4C 		.string	" ALLUMER LE FEU "
 119      554D 4552 
 119      204C 4520 
 119      4645 5520 
 119      00
 120               	.LC1:
 121 0011 2045 5420 		.string	" ET ON ETEINS TOUT "
 121      4F4E 2045 
 121      5445 494E 
 121      5320 544F 
 121      5554 2000 
 122               		.text
 123               	.global	main
 125               	main:
 126               	.LFB10:
 127               	.LM19:
 128 0070 CF93      		push r28
 129 0072 DF93      		push r29
 130               	/* prologue: function */
 131               	/* frame size = 0 */
 132               	.LBB20:
 133               	.LBB21:
 134               	.LM20:
 135 0074 80E1      		ldi r24,lo8(16)
 136 0076 8AB9      		out 42-32,r24
 137               	.LM21:
 138 0078 1BB8      		out 43-32,__zero_reg__
 139               	.LBE21:
 140               	.LBE20:
 141               	.LM22:
 142 007a 80E8      		ldi r24,lo8(9600)
 143 007c 95E2      		ldi r25,hi8(9600)
 144 007e 0E94 0000 		call init_USART
 145               	.LBB22:
 146               	.LBB23:
 147               	.LBB24:
 148               	.LBB25:
 149               	.LM23:
 150 0082 C0E9      		ldi r28,lo8(400)
 151 0084 D1E0      		ldi r29,hi8(400)
 152               	.LVL8:
 153               	.L13:
 154               	.LBE25:
 155               	.LBE24:
 156               	.LBE23:
 157               	.LBE22:
 158               	.LM24:
 159 0086 5A9A      		sbi 43-32,2
 160               	.LM25:
 161 0088 80E0      		ldi r24,lo8(.LC0)
 162 008a 90E0      		ldi r25,hi8(.LC0)
 163               	.LVL9:
 164 008c 0E94 0000 		call puts
 165               	.LVL10:
 166 0090 80E1      		ldi r24,lo8(10000)
 167 0092 97E2      		ldi r25,hi8(10000)
 168               	.LVL11:
 169               	.L11:
 170               	.LBB29:
 171               	.LBB28:
 172               	.LBB27:
 173               	.LBB26:
 174               	.LM26:
 175 0094 FE01      		movw r30,r28
 176               	.LVL12:
 177               	/* #APP */
 178               	 ;  105 "c:/winavr-20100110/lib/gcc/../../avr/include/util/delay_basic.h" 1
 179 0096 3197      		1: sbiw r30,1
 180 0098 01F4      		brne 1b
 181               	 ;  0 "" 2
 182               	/* #NOAPP */
 183               	.LBE26:
 184               	.LBE27:
 185               	.LM27:
 186 009a 0197      		sbiw r24,1
 187               	.LM28:
 188 009c 01F4      		brne .L11
 189               	.LBE28:
 190               	.LBE29:
 191               	.LM29:
 192 009e 5A98      		cbi 43-32,2
 193               	.LM30:
 194 00a0 80E0      		ldi r24,lo8(.LC1)
 195 00a2 90E0      		ldi r25,hi8(.LC1)
 196               	.LVL13:
 197 00a4 0E94 0000 		call puts
 198               	.LVL14:
 199 00a8 8CE4      		ldi r24,lo8(7500)
 200 00aa 9DE1      		ldi r25,hi8(7500)
 201               	.LVL15:
 202               	.L12:
 203               	.LBB30:
 204               	.LBB31:
 205               	.LBB32:
 206               	.LBB33:
 207               	.LM31:
 208 00ac FE01      		movw r30,r28
 209               	.LVL16:
 210               	/* #APP */
 211               	 ;  105 "c:/winavr-20100110/lib/gcc/../../avr/include/util/delay_basic.h" 1
 212 00ae 3197      		1: sbiw r30,1
 213 00b0 01F4      		brne 1b
 214               	 ;  0 "" 2
 215               	/* #NOAPP */
 216               	.LBE33:
 217               	.LBE32:
 218               	.LM32:
 219 00b2 0197      		sbiw r24,1
 220               	.LM33:
 221 00b4 01F4      		brne .L12
 222 00b6 00C0      		rjmp .L13
 223               	.LBE31:
 224               	.LBE30:
 225               	.LFE10:
 227               		.data
 230               	mystdout.1415:
 231 0025 0000 00   		.skip 3,0
 232 0028 02        		.byte	2
 233 0029 0000 0000 		.skip 4,0
 234 002d 0000      		.word	gs(uart_putchar)
 235 002f 0000      		.word	0
 236 0031 0000      		.word	0
 285               	.Letext0:
DEFINED SYMBOLS
                            *ABS*:00000000 main.c
C:\Users\Barth\AppData\Local\Temp/ccBRlF39.s:2      *ABS*:0000003f __SREG__
C:\Users\Barth\AppData\Local\Temp/ccBRlF39.s:3      *ABS*:0000003e __SP_H__
C:\Users\Barth\AppData\Local\Temp/ccBRlF39.s:4      *ABS*:0000003d __SP_L__
C:\Users\Barth\AppData\Local\Temp/ccBRlF39.s:5      *ABS*:00000034 __CCP__
C:\Users\Barth\AppData\Local\Temp/ccBRlF39.s:6      *ABS*:00000000 __tmp_reg__
C:\Users\Barth\AppData\Local\Temp/ccBRlF39.s:7      *ABS*:00000001 __zero_reg__
C:\Users\Barth\AppData\Local\Temp/ccBRlF39.s:18     .text:00000000 setup
C:\Users\Barth\AppData\Local\Temp/ccBRlF39.s:35     .text:00000008 init_USART
C:\Users\Barth\AppData\Local\Temp/ccBRlF39.s:230    .data:00000025 mystdout.1415
C:\Users\Barth\AppData\Local\Temp/ccBRlF39.s:85     .text:0000004e uart_putchar
C:\Users\Barth\AppData\Local\Temp/ccBRlF39.s:125    .text:00000070 main

UNDEFINED SYMBOLS
__divmodsi4
__iob
puts
__do_copy_data
